#-----------------------------------------------------------
# Webtalk v2019.2 (64-bit)
# SW Build 2708876 on Wed Nov  6 21:40:23 MST 2019
# IP Build 2700528 on Thu Nov  7 00:09:20 MST 2019
# Start of session at: Sun Mar 28 20:04:28 2021
# Process ID: 12120
# Current directory: C:/Users/Administrator/Documents/Github/Logic-Lab-Exp-2/exp3_projecect/exp3_projecect.sim/sim_1/behav/xsim
# Command line: wbtcv.exe -mode batch -source C:/Users/Administrator/Documents/Github/Logic-Lab-Exp-2/exp3_projecect/exp3_projecect.sim/sim_1/behav/xsim/xsim.dir/fulladder_test_behav/webtalk/xsim_webtalk.tcl -notrace
# Log file: C:/Users/Administrator/Documents/Github/Logic-Lab-Exp-2/exp3_projecect/exp3_projecect.sim/sim_1/behav/xsim/webtalk.log
# Journal file: C:/Users/Administrator/Documents/Github/Logic-Lab-Exp-2/exp3_projecect/exp3_projecect.sim/sim_1/behav/xsim\webtalk.jou
#-----------------------------------------------------------
source C:/Users/Administrator/Documents/Github/Logic-Lab-Exp-2/exp3_projecect/exp3_projecect.sim/sim_1/behav/xsim/xsim.dir/fulladder_test_behav/webtalk/xsim_webtalk.tcl -notrace
